// Jest Snapshot v1, https://jestjs.io/docs/snapshot-testing

exports[`KanbanCardsContainer Component basic rendering should render snapshot correctly 1`] = `
<div>
  <div
    class="flex flex-1 flex-col gap-2 min-h-[100px]"
  >
    <div>
      <div
        data-testid="task-card"
      >
        Test Card 1
      </div>
      <div
        data-testid="task-card"
      >
        Test Card 2
      </div>
    </div>
    <div
      class="flex gap-2"
    >
      <button
        data-testid="inline-input"
      >
        Add a card
      </button>
      <div
        title="Upload card"
      >
        <button
          class="flex w-8 h-8 items-center justify-center rounded-xl transition-colors border border-slate-200 dark:border-slate-600 text-slate-500 hover:bg-slate-50 hover:text-slate-700 dark:hover:bg-slate-800 dark:hover:text-slate-300"
        >
          <div
            data-testid="upload-icon"
          >
            Upload
          </div>
        </button>
      </div>
      <div
        title="Paste card from clipboard"
      >
        <button
          class="ml-auto flex w-8 h-8 items-center justify-center rounded-xl transition-colors text-blue-600 hover:bg-blue-50 hover:text-blue-700 dark:hover:bg-blue-900/20 dark:hover:text-blue-400 border border-blue-200 dark:border-blue-800"
        >
          <div
            data-testid="clipboard-icon"
          >
            Clipboard
          </div>
        </button>
      </div>
    </div>
    <input
      accept=".json"
      class="hidden"
      id="card-upload-list-1"
      type="file"
    />
  </div>
</div>
`;
